#-----------------------------------------------------------
# PlanAhead v14.7 (64-bit)
# Build 321239 by xbuild on Fri Sep 27 19:29:51 MDT 2013
# Start of session at: Tue Oct 21 09:46:48 2014
# Process ID: 3936
# Log file: C:/Users/tlenzi/Desktop/GLIB/amc_glib/trunk/glib_v3/fw/fpga/prj/ipbus_slave/planAhead_run_4/planAhead.log
# Journal file: C:/Users/tlenzi/Desktop/GLIB/amc_glib/trunk/glib_v3/fw/fpga/prj/ipbus_slave/planAhead_run_4/planAhead.jou
#-----------------------------------------------------------
start_gui
source C:/Users/tlenzi/Desktop/GLIB/amc_glib/trunk/glib_v3/fw/fpga/prj/ipbus_slave/pa.fromNetlist.tcl
resize_pblock pblock_ipb_priority_inst -from SLICE_X94Y15:SLICE_X97Y19 -to SLICE_X92Y15:SLICE_X95Y19 -locs keep_all
resize_pblock pblock_ipb_vfat2_1_inst -add SLICE_X96Y15:SLICE_X101Y19 -remove SLICE_X98Y15:SLICE_X101Y19 -locs keep_all
resize_pblock pblock_ipb_vfat2_2_inst -from SLICE_X98Y25:SLICE_X101Y29 -to SLICE_X96Y25:SLICE_X99Y29 -locs keep_all
resize_pblock pblock_ipb_vfat2_2_inst -add SLICE_X96Y25:SLICE_X101Y29 -remove SLICE_X96Y25:SLICE_X99Y29 -locs keep_all
resize_pblock pblock_ipb_vfat2_0_inst -add SLICE_X96Y5:SLICE_X101Y9 -remove SLICE_X98Y5:SLICE_X101Y9 -locs keep_all
save_constraints
