#-----------------------------------------------------------
# PlanAhead v14.7 (64-bit)
# Build 321239 by xbuild on Fri Sep 27 19:29:51 MDT 2013
# Start of session at: Mon Jul 28 15:30:28 2014
# Process ID: 3140
# Log file: C:/Users/tlenzi/Desktop/GLIB/amc_glib/trunk/glib_v3/fw/fpga/prj/ipbus_slave/planAhead_run_1/planAhead.log
# Journal file: C:/Users/tlenzi/Desktop/GLIB/amc_glib/trunk/glib_v3/fw/fpga/prj/ipbus_slave/planAhead_run_1/planAhead.jou
#-----------------------------------------------------------
start_gui
source C:/Users/tlenzi/Desktop/GLIB/amc_glib/trunk/glib_v3/fw/fpga/prj/ipbus_slave/pa.fromNetlist.tcl
startgroup
create_pblock pblock_ipb_vfat2_inst
resize_pblock pblock_ipb_vfat2_inst -add {SLICE_X88Y1:SLICE_X99Y10 RAMB18_X5Y2:RAMB18_X5Y3 RAMB36_X5Y1:RAMB36_X5Y1}
add_cells_to_pblock pblock_ipb_vfat2_inst [get_cells [list usr/ipb_vfat2_inst]] -clear_locs
endgroup
resize_pblock pblock_ipb_vfat2_inst -from SLICE_X88Y1:SLICE_X99Y10 -to SLICE_X88Y0:SLICE_X99Y9 -from RAMB18_X5Y2:RAMB18_X5Y3 -to RAMB18_X5Y0:RAMB18_X5Y3 -from RAMB36_X5Y1:RAMB36_X5Y1 -to RAMB36_X5Y0:RAMB36_X5Y1 -locs keep_all
resize_pblock pblock_ipb_vfat2_inst -add {SLICE_X88Y0:SLICE_X99Y9 DSP48_X5Y0:DSP48_X5Y3 RAMB18_X5Y0:RAMB18_X5Y3 RAMB36_X5Y0:RAMB36_X5Y1} -remove {SLICE_X88Y0:SLICE_X99Y9 RAMB18_X5Y0:RAMB18_X5Y3 RAMB36_X5Y0:RAMB36_X5Y1} -locs keep_all
resize_pblock pblock_ipb_vfat2_inst -add {SLICE_X88Y0:SLICE_X99Y9 RAMB18_X5Y0:RAMB18_X5Y3 RAMB36_X5Y0:RAMB36_X5Y1} -remove {SLICE_X88Y0:SLICE_X99Y9 DSP48_X5Y0:DSP48_X5Y3 RAMB18_X5Y0:RAMB18_X5Y3 RAMB36_X5Y0:RAMB36_X5Y1} -locs keep_all
save_constraints
