#-----------------------------------------------------------
# PlanAhead v14.7 (64-bit)
# Build 321239 by xbuild on Fri Sep 27 19:29:51 MDT 2013
# Start of session at: Tue Oct 28 08:59:54 2014
# Process ID: 3416
# Log file: C:/Users/tlenzi/Desktop/GLIB/amc_glib/trunk/glib_v3/fw/fpga/prj/ipbus_slave/planAhead_run_1/planAhead.log
# Journal file: C:/Users/tlenzi/Desktop/GLIB/amc_glib/trunk/glib_v3/fw/fpga/prj/ipbus_slave/planAhead_run_1/planAhead.jou
#-----------------------------------------------------------
start_gui
source C:/Users/tlenzi/Desktop/GLIB/amc_glib/trunk/glib_v3/fw/fpga/prj/ipbus_slave/pa.fromNetlist.tcl
startgroup
create_pblock pblock_link_tracking_0_inst
resize_pblock pblock_link_tracking_0_inst -add {SLICE_X88Y0:SLICE_X105Y9 RAMB18_X5Y0:RAMB18_X6Y3 RAMB36_X5Y0:RAMB36_X6Y1}
add_cells_to_pblock pblock_link_tracking_0_inst [get_cells [list usr/link_tracking_0_inst]] -clear_locs
endgroup
startgroup
create_pblock pblock_link_tracking_1_inst
resize_pblock pblock_link_tracking_1_inst -add {SLICE_X88Y10:SLICE_X105Y19 RAMB18_X5Y4:RAMB18_X6Y7 RAMB36_X5Y2:RAMB36_X6Y3}
add_cells_to_pblock pblock_link_tracking_1_inst [get_cells [list usr/link_tracking_1_inst]] -clear_locs
endgroup
startgroup
create_pblock pblock_link_tracking_2_inst
resize_pblock pblock_link_tracking_2_inst -add {SLICE_X88Y20:SLICE_X105Y29 RAMB18_X5Y8:RAMB18_X6Y11 RAMB36_X5Y4:RAMB36_X6Y5}
add_cells_to_pblock pblock_link_tracking_2_inst [get_cells [list usr/link_tracking_2_inst]] -clear_locs
endgroup
save_constraints
startgroup
create_pblock pblock_ipb_fst_sgnls_inst
resize_pblock pblock_ipb_fst_sgnls_inst -add SLICE_X84Y10:SLICE_X87Y19
add_cells_to_pblock pblock_ipb_fst_sgnls_inst [get_cells [list usr/ipb_fast_signals_inst]] -clear_locs
endgroup
resize_pblock pblock_ipb_fst_sgnls_inst -add SLICE_X80Y10:SLICE_X87Y19 -remove SLICE_X84Y10:SLICE_X87Y19 -locs keep_all
save_constraints
